{
  "result_type": "raw_ok",
  "result": "Init complete.\nT = 40\nExperiment complete.\n"
}
