{
  "result_type": "raw_ok",
  "result": "Init complete.\nRESULT: EQUAL\nExperiment complete.\n"
}
