{
  "result_type": "raw_ok",
  "result": "Init complete.\nT = 35\nExperiment complete.\n"
}
