{
  "result_type": "raw_ok",
  "result": "Init complete.\n"
}
