{
  "result_type": "raw_ok",
  "result": "Init complete.\n----\nprint_cache_valid\n----\n----\nExperiment complete.\n"
}
