{
  "result_type": "raw_ok",
  "result": "Init complete.\nRESULT: UNEQUAL\nExperiment complete.\n"
}
