{
  "result_type": "raw_ok",
  "result": "Init complete.\n----\nprint_cache_valid\n----\n1\t::0\t:: tag: 00100040\n2\t::0\t:: tag: 00100080\n----\nExperiment complete.\n"
}
